// Jest Snapshot v1, https://goo.gl/fbAQLP

exports[`renders inital loading state correctly 1`] = `
<li
  className="card-item"
>
  <a
    className="card__link"
    href="/ad/16140864"
    onClick={[Function]}
  >
    <div
      className="card"
    >
      <div
        className="card__media"
      >
        <div
          className="card__photo"
        >
          <img
            alt="Ford Focus 1.6 Automatic"
            src="https://donedeal.akamaized.net/ddimg/N2JiZmM0NGYyNmUzYWQxMGJiODRjYzJhMDAyOD…vbmVkZWFsLmllLXBob3Rvcy9waG90b183ODAwNzA3NHx8fHx8fDYwMHg0NTB8fHx8fA==.jpeg"
          />
        </div>
        <div
          className="card__media-count"
        >
          <i
            className="icon-camera"
          />
          1/
          6
        </div>
      </div>
      <div
        className="card__body"
      >
        <div
          className="card__body-top"
        >
          <p
            className="card__body-title"
          >
            Ford Focus 1.6 Automatic
          </p>
          <ul
            className="card__body-keyinfo"
          >
            <li>
              2 hours
            </li>
            <li>
              Louth
            </li>
          </ul>
        </div>
        <div
          className="card__body-lower"
        >
          <p
            className="card__price"
          >
            <span>
              <span>
                €
              </span>
              2,600
            </span>
          </p>
          <div
            className="card__actions"
          >
            <i
              className="manual-false-page card-actions__save icon icon-save-heart"
            />
          </div>
        </div>
      </div>
    </div>
  </a>
</li>
`;
