// Jest Snapshot v1, https://goo.gl/fbAQLP

exports[`renders inital loading state correctly 1`] = `
<div>
  <header
    className="header-container"
  >
    <div
      className="header-content"
    >
      <div
        className="menu-bar-container"
      >
        <div
          className="menu-bar-content page-row"
        >
          <a
            className="header-logo"
            href="/"
            onClick={[Function]}
          >
            <img
              alt="DoneDeal"
              className="header-logo-image"
              src="donedeal-logo.svg"
            />
          </a>
        </div>
      </div>
    </div>
  </header>
  <p>
    Loading...
  </p>
</div>
`;
